R18_NULL_PROGRESS 250/5515
R18_NULL_PROGRESS 500/5515
R18_NULL_PROGRESS 750/5515
R18_NULL_PROGRESS 1000/5515
R18_NULL_PROGRESS 1250/5515
R18_NULL_PROGRESS 1500/5515
R18_NULL_PROGRESS 1750/5515
R18_NULL_PROGRESS 2000/5515
R18_NULL_PROGRESS 2250/5515
R18_NULL_PROGRESS 2500/5515
R18_NULL_PROGRESS 2750/5515
R18_NULL_PROGRESS 3000/5515
R18_NULL_PROGRESS 3250/5515
R18_NULL_PROGRESS 3500/5515
R18_NULL_PROGRESS 3750/5515
R18_NULL_PROGRESS 4000/5515
R18_NULL_PROGRESS 4250/5515
R18_NULL_PROGRESS 4500/5515
R18_NULL_PROGRESS 4750/5515
R18_NULL_PROGRESS 5000/5515
R18_NULL_PROGRESS 5250/5515
R18_NULL_PROGRESS 5500/5515
{
  "validator": "PASS",
  "state_certified_routes": 874,
  "eligible_phase_segments": 5515,
  "representation_exact_accepted": 910,
  "solver_exact_accepted": 1712,
  "solver_physical_only": 1692,
  "solver_errors": 2111,
  "global": {
    "n": 5515,
    "p50": 0.22916666666666652,
    "p90": 0.4583333333333335,
    "p95": 0.5833333333333334,
    "p99": 0.7916666666666665,
    "p995": 0.8333333333333334,
    "max": 0.9583333333333335
  },
  "threshold_count": 14,
  "seal_sha256": "2c4d7c7f0c23d15b9d80f0cb91a810678d9cfa9cef388f27b7358f3717492576"
}
